karthikeyan@karthikeyan-VirtualBox:~$ hdfs
Usage: hdfs [OPTIONS] SUBCOMMAND [SUBCOMMAND OPTIONS]

  OPTIONS is none or any of:

--buildpaths                       attempt to add class files from build tree
--config dir                       Hadoop config directory
--daemon (start|status|stop)       operate on a daemon
--debug                            turn on shell script debug mode
--help                             usage information
--hostnames list[,of,host,names]   hosts to use in worker mode
--hosts filename                   list of hosts to use in worker mode
--loglevel level                   set the log4j level for this command
--workers                          turn on worker mode

  SUBCOMMAND is one of:


    Admin Commands:

cacheadmin           configure the HDFS cache
crypto               configure HDFS encryption zones
debug                run a Debug Admin to execute HDFS debug commands
dfsadmin             run a DFS admin client
dfsrouteradmin       manage Router-based federation
ec                   run a HDFS ErasureCoding CLI
fsck                 run a DFS filesystem checking utility
haadmin              run a DFS HA admin client
jmxget               get JMX exported values from NameNode or DataNode.
oev                  apply the offline edits viewer to an edits file
oiv                  apply the offline fsimage viewer to an fsimage
oiv_legacy           apply the offline fsimage viewer to a legacy fsimage
storagepolicies      list/get/set/satisfyStoragePolicy block storage policies

    Client Commands:

classpath            prints the class path needed to get the hadoop jar and the required libraries
dfs                  run a filesystem command on the file system
envvars              display computed Hadoop environment variables
fetchdt              fetch a delegation token from the NameNode
getconf              get config values from configuration
groups               get the groups which users belong to
lsSnapshottableDir   list all snapshottable dirs owned by the current user
snapshotDiff         diff two snapshots of a directory or diff the current directory contents with a snapshot
version              print the version

    Daemon Commands:

balancer             run a cluster balancing utility
datanode             run a DFS datanode
dfsrouter            run the DFS router
diskbalancer         Distributes data evenly among disks on a given node
httpfs               run HttpFS server, the HDFS HTTP Gateway
journalnode          run the DFS journalnode
mover                run a utility to move block replicas across storage types
namenode             run the DFS namenode
nfs3                 run an NFS version 3 gateway
portmap              run a portmap service
secondarynamenode    run the DFS secondary namenode
sps                  run external storagepolicysatisfier
zkfc                 run the ZK Failover Controller daemon

SUBCOMMAND may print help when invoked w/o parameters or with -h.
karthikeyan@karthikeyan-VirtualBox:~$ start-dfs.sh
Starting namenodes on [localhost]
Starting datanodes
Starting secondary namenodes [karthikeyan-VirtualBox]
karthikeyan@karthikeyan-VirtualBox:~$ hdfs dfs -mkdir /tmp
karthikeyan@karthikeyan-VirtualBox:~$ hdfs dfs -chmod g+w /tmp
karthikeyan@karthikeyan-VirtualBox:~$ hdfs dfs -mkdir -p /user/hive/warehouse
karthikeyan@karthikeyan-VirtualBox:~$ hdfs dfs -chmod g+w /user/hive/warehouse
karthikeyan@karthikeyan-VirtualBox:~$ cd $HIVE_HOME/conf
karthikeyan@karthikeyan-VirtualBox:~/apache-hive-3.1.2-bin/conf$ cp hive-default.xml.template hive-site.xml
karthikeyan@karthikeyan-VirtualBox:~/apache-hive-3.1.2-bin/conf$ nano hive-site.xml
karthikeyan@karthikeyan-VirtualBox:~/apache-hive-3.1.2-bin/conf$ cd ..
karthikeyan@karthikeyan-VirtualBox:~/apache-hive-3.1.2-bin$ cd ..
karthikeyan@karthikeyan-VirtualBox:~$ HIVE_HOME/bin/schematool -dbType derby -initSchema
bash: HIVE_HOME/bin/schematool: No such file or directory
karthikeyan@karthikeyan-VirtualBox:~$ HIVE_HOME/bin/schematool -dbType derby -initSchema
bash: HIVE_HOME/bin/schematool: No such file or directory
karthikeyan@karthikeyan-VirtualBox:~$ $HIVE_HOME/bin/schematool -dbType derby -initSchema
SLF4J: Class path contains multiple SLF4J bindings.
SLF4J: Found binding in [jar:file:/home/karthikeyan/apache-hive-3.1.2-bin/lib/log4j-slf4j-impl-2.10.0.jar!/org/slf4j/impl/StaticLoggerBinder.class]
SLF4J: Found binding in [jar:file:/home/karthikeyan/hadoop/share/hadoop/common/lib/slf4j-log4j12-1.7.30.jar!/org/slf4j/impl/StaticLoggerBinder.class]
SLF4J: See http://www.slf4j.org/codes.html#multiple_bindings for an explanation.
SLF4J: Actual binding is of type [org.apache.logging.slf4j.Log4jLoggerFactory]
Exception in thread "main" java.lang.RuntimeException: com.ctc.wstx.exc.WstxParsingException: Illegal character entity: expansion character (code 0x8
 at [row,col,system-id]: [3215,96,"file:/home/karthikeyan/apache-hive-3.1.2-bin/conf/hive-site.xml"]
	at org.apache.hadoop.conf.Configuration.loadResource(Configuration.java:3092)
	at org.apache.hadoop.conf.Configuration.loadResources(Configuration.java:3041)
	at org.apache.hadoop.conf.Configuration.loadProps(Configuration.java:2914)
	at org.apache.hadoop.conf.Configuration.addResourceObject(Configuration.java:1034)
	at org.apache.hadoop.conf.Configuration.addResource(Configuration.java:939)
	at org.apache.hadoop.hive.conf.HiveConf.initialize(HiveConf.java:5151)
	at org.apache.hadoop.hive.conf.HiveConf.<init>(HiveConf.java:5104)
	at org.apache.hive.beeline.HiveSchemaTool.<init>(HiveSchemaTool.java:96)
	at org.apache.hive.beeline.HiveSchemaTool.main(HiveSchemaTool.java:1473)
	at sun.reflect.NativeMethodAccessorImpl.invoke0(Native Method)
	at sun.reflect.NativeMethodAccessorImpl.invoke(NativeMethodAccessorImpl.java:62)
	at sun.reflect.DelegatingMethodAccessorImpl.invoke(DelegatingMethodAccessorImpl.java:43)
	at java.lang.reflect.Method.invoke(Method.java:498)
	at org.apache.hadoop.util.RunJar.run(RunJar.java:323)
	at org.apache.hadoop.util.RunJar.main(RunJar.java:236)
Caused by: com.ctc.wstx.exc.WstxParsingException: Illegal character entity: expansion character (code 0x8
 at [row,col,system-id]: [3215,96,"file:/home/karthikeyan/apache-hive-3.1.2-bin/conf/hive-site.xml"]
	at com.ctc.wstx.sr.StreamScanner.constructWfcException(StreamScanner.java:634)
	at com.ctc.wstx.sr.StreamScanner.throwParseError(StreamScanner.java:504)
	at com.ctc.wstx.sr.StreamScanner.reportIllegalChar(StreamScanner.java:2469)
	at com.ctc.wstx.sr.StreamScanner.validateChar(StreamScanner.java:2416)
	at com.ctc.wstx.sr.StreamScanner.resolveCharEnt(StreamScanner.java:2382)
	at com.ctc.wstx.sr.StreamScanner.fullyResolveEntity(StreamScanner.java:1528)
	at com.ctc.wstx.sr.BasicStreamReader.nextFromTree(BasicStreamReader.java:2818)
	at com.ctc.wstx.sr.BasicStreamReader.next(BasicStreamReader.java:1121)
	at org.apache.hadoop.conf.Configuration$Parser.parseNext(Configuration.java:3396)
	at org.apache.hadoop.conf.Configuration$Parser.parse(Configuration.java:3182)
	at org.apache.hadoop.conf.Configuration.loadResource(Configuration.java:3075)
	... 14 more
karthikeyan@karthikeyan-VirtualBox:~$ nano $HIVE_HOME/conf.hive-site.xml
karthikeyan@karthikeyan-VirtualBox:~$ nano $HIVE_HOME/conf/hive-site.xml
karthikeyan@karthikeyan-VirtualBox:~$ $HIVE_HOME/bin/schematool -dbType derby -initSchema
SLF4J: Class path contains multiple SLF4J bindings.
SLF4J: Found binding in [jar:file:/home/karthikeyan/apache-hive-3.1.2-bin/lib/log4j-slf4j-impl-2.10.0.jar!/org/slf4j/impl/StaticLoggerBinder.class]
SLF4J: Found binding in [jar:file:/home/karthikeyan/hadoop/share/hadoop/common/lib/slf4j-log4j12-1.7.30.jar!/org/slf4j/impl/StaticLoggerBinder.class]
SLF4J: See http://www.slf4j.org/codes.html#multiple_bindings for an explanation.
SLF4J: Actual binding is of type [org.apache.logging.slf4j.Log4jLoggerFactory]
Metastore connection URL:	 jdbc:derby:;databaseName=metastore_db;create=true
Metastore Connection Driver :	 org.apache.derby.jdbc.EmbeddedDriver
Metastore connection User:	 APP
Starting metastore schema initialization to 3.1.0
Initialization script hive-schema-3.1.0.derby.sql

 
 
 
 

 

 
 


 
 

 
 
 
 

 

 
 
 
 
 
 
 

 


 
 


 

 
 


 

 
 
 

 
 
 
 
 

 
 

 

 
 

 
 


 

 



 

 













































 

 











 
 
 
 
 
 
 
 
 
 
 
 
 
 
 
 
 
 
 
 
 
 
 
 
 
 
 
 
 
 
 
 
 
 
 
 
 

 
 


 
 

 
 
 

 
 
 
 
 


 
 

 



 



 


 
 
 
 






 
 
 

 
 




Initialization script completed
schemaTool completed
karthikeyan@karthikeyan-VirtualBox:~$ $HIVE_HOME/bin/schematool -dbType derby -initSchema
SLF4J: Class path contains multiple SLF4J bindings.
SLF4J: Found binding in [jar:file:/home/karthikeyan/apache-hive-3.1.2-bin/lib/log4j-slf4j-impl-2.10.0.jar!/org/slf4j/impl/StaticLoggerBinder.class]
SLF4J: Found binding in [jar:file:/home/karthikeyan/hadoop/share/hadoop/common/lib/slf4j-log4j12-1.7.30.jar!/org/slf4j/impl/StaticLoggerBinder.class]
SLF4J: See http://www.slf4j.org/codes.html#multiple_bindings for an explanation.
SLF4J: Actual binding is of type [org.apache.logging.slf4j.Log4jLoggerFactory]
Metastore connection URL:	 jdbc:derby:;databaseName=metastore_db;create=true
Metastore Connection Driver :	 org.apache.derby.jdbc.EmbeddedDriver
Metastore connection User:	 APP
Starting metastore schema initialization to 3.1.0
Initialization script hive-schema-3.1.0.derby.sql

 
Error: FUNCTION 'NUCLEUS_ASCII' already exists. (state=X0Y68,code=30000)
org.apache.hadoop.hive.metastore.HiveMetaException: Schema initialization FAILED! Metastore state would be inconsistent !!
Underlying cause: java.io.IOException : Schema script failed, errorcode 2
Use --verbose for detailed stacktrace.
*** schemaTool failed ***
karthikeyan@karthikeyan-VirtualBox:~$ $HIVE_HOME/bin/schematool -dbType derby -initSchema
SLF4J: Class path contains multiple SLF4J bindings.
SLF4J: Found binding in [jar:file:/home/karthikeyan/apache-hive-3.1.2-bin/lib/log4j-slf4j-impl-2.10.0.jar!/org/slf4j/impl/StaticLoggerBinder.class]
SLF4J: Found binding in [jar:file:/home/karthikeyan/hadoop/share/hadoop/common/lib/slf4j-log4j12-1.7.30.jar!/org/slf4j/impl/StaticLoggerBinder.class]
SLF4J: See http://www.slf4j.org/codes.html#multiple_bindings for an explanation.
SLF4J: Actual binding is of type [org.apache.logging.slf4j.Log4jLoggerFactory]
Metastore connection URL:	 jdbc:derby:;databaseName=metastore_db;create=true
Metastore Connection Driver :	 org.apache.derby.jdbc.EmbeddedDriver
Metastore connection User:	 APP
Starting metastore schema initialization to 3.1.0
Initialization script hive-schema-3.1.0.derby.sql

 
Error: FUNCTION 'NUCLEUS_ASCII' already exists. (state=X0Y68,code=30000)
org.apache.hadoop.hive.metastore.HiveMetaException: Schema initialization FAILED! Metastore state would be inconsistent !!
Underlying cause: java.io.IOException : Schema script failed, errorcode 2
Use --verbose for detailed stacktrace.
*** schemaTool failed ***
karthikeyan@karthikeyan-VirtualBox:~$ schematool -initSchema -dbType derby
SLF4J: Class path contains multiple SLF4J bindings.
SLF4J: Found binding in [jar:file:/home/karthikeyan/apache-hive-3.1.2-bin/lib/log4j-slf4j-impl-2.10.0.jar!/org/slf4j/impl/StaticLoggerBinder.class]
SLF4J: Found binding in [jar:file:/home/karthikeyan/hadoop/share/hadoop/common/lib/slf4j-log4j12-1.7.30.jar!/org/slf4j/impl/StaticLoggerBinder.class]
SLF4J: See http://www.slf4j.org/codes.html#multiple_bindings for an explanation.
SLF4J: Actual binding is of type [org.apache.logging.slf4j.Log4jLoggerFactory]
Metastore connection URL:	 jdbc:derby:;databaseName=metastore_db;create=true
Metastore Connection Driver :	 org.apache.derby.jdbc.EmbeddedDriver
Metastore connection User:	 APP
Starting metastore schema initialization to 3.1.0
Initialization script hive-schema-3.1.0.derby.sql

 
Error: FUNCTION 'NUCLEUS_ASCII' already exists. (state=X0Y68,code=30000)
org.apache.hadoop.hive.metastore.HiveMetaException: Schema initialization FAILED! Metastore state would be inconsistent !!
Underlying cause: java.io.IOException : Schema script failed, errorcode 2
Use --verbose for detailed stacktrace.
*** schemaTool failed ***
karthikeyan@karthikeyan-VirtualBox:~$ schematool -initSchema -dbType derby
SLF4J: Class path contains multiple SLF4J bindings.
SLF4J: Found binding in [jar:file:/home/karthikeyan/apache-hive-3.1.2-bin/lib/log4j-slf4j-impl-2.10.0.jar!/org/slf4j/impl/StaticLoggerBinder.class]
SLF4J: Found binding in [jar:file:/home/karthikeyan/hadoop/share/hadoop/common/lib/slf4j-log4j12-1.7.30.jar!/org/slf4j/impl/StaticLoggerBinder.class]
SLF4J: See http://www.slf4j.org/codes.html#multiple_bindings for an explanation.
SLF4J: Actual binding is of type [org.apache.logging.slf4j.Log4jLoggerFactory]
Metastore connection URL:	 jdbc:derby:;databaseName=metastore_db;create=true
Metastore Connection Driver :	 org.apache.derby.jdbc.EmbeddedDriver
Metastore connection User:	 APP
Starting metastore schema initialization to 3.1.0
Initialization script hive-schema-3.1.0.derby.sql

 
Error: Table/View 'DBS' already exists in Schema 'APP'. (state=X0Y32,code=30000)
org.apache.hadoop.hive.metastore.HiveMetaException: Schema initialization FAILED! Metastore state would be inconsistent !!
Underlying cause: java.io.IOException : Schema script failed, errorcode 2
Use --verbose for detailed stacktrace.
*** schemaTool failed ***
karthikeyan@karthikeyan-VirtualBox:~$ $HIVE_HOME/bin/schematool -dbType derby -initSchema
SLF4J: Class path contains multiple SLF4J bindings.
SLF4J: Found binding in [jar:file:/home/karthikeyan/apache-hive-3.1.2-bin/lib/log4j-slf4j-impl-2.10.0.jar!/org/slf4j/impl/StaticLoggerBinder.class]
SLF4J: Found binding in [jar:file:/home/karthikeyan/hadoop/share/hadoop/common/lib/slf4j-log4j12-1.7.30.jar!/org/slf4j/impl/StaticLoggerBinder.class]
SLF4J: See http://www.slf4j.org/codes.html#multiple_bindings for an explanation.
SLF4J: Actual binding is of type [org.apache.logging.slf4j.Log4jLoggerFactory]
Metastore connection URL:	 jdbc:derby:;databaseName=metastore_db;create=true
Metastore Connection Driver :	 org.apache.derby.jdbc.EmbeddedDriver
Metastore connection User:	 APP
Starting metastore schema initialization to 3.1.0
Initialization script hive-schema-3.1.0.derby.sql

 
Error: Table/View 'DBS' already exists in Schema 'APP'. (state=X0Y32,code=30000)
org.apache.hadoop.hive.metastore.HiveMetaException: Schema initialization FAILED! Metastore state would be inconsistent !!
Underlying cause: java.io.IOException : Schema script failed, errorcode 2
Use --verbose for detailed stacktrace.
*** schemaTool failed ***
karthikeyan@karthikeyan-VirtualBox:~$ $HIVE_HOME/bin/schematool -dbType derby -initSchema
SLF4J: Class path contains multiple SLF4J bindings.
SLF4J: Found binding in [jar:file:/home/karthikeyan/apache-hive-3.1.2-bin/lib/log4j-slf4j-impl-2.10.0.jar!/org/slf4j/impl/StaticLoggerBinder.class]
SLF4J: Found binding in [jar:file:/home/karthikeyan/hadoop/share/hadoop/common/lib/slf4j-log4j12-1.7.30.jar!/org/slf4j/impl/StaticLoggerBinder.class]
SLF4J: See http://www.slf4j.org/codes.html#multiple_bindings for an explanation.
SLF4J: Actual binding is of type [org.apache.logging.slf4j.Log4jLoggerFactory]
Metastore connection URL:	 jdbc:derby:;databaseName=metastore_db;create=true
Metastore Connection Driver :	 org.apache.derby.jdbc.EmbeddedDriver
Metastore connection User:	 APP
Starting metastore schema initialization to 3.1.0
Initialization script hive-schema-3.1.0.derby.sql

 
Error: Table/View 'TBL_PRIVS' already exists in Schema 'APP'. (state=X0Y32,code=30000)
org.apache.hadoop.hive.metastore.HiveMetaException: Schema initialization FAILED! Metastore state would be inconsistent !!
Underlying cause: java.io.IOException : Schema script failed, errorcode 2
Use --verbose for detailed stacktrace.
*** schemaTool failed ***
karthikeyan@karthikeyan-VirtualBox:~$ $HIVE_HOME/bin/schematool -dbType derby -initSchema
SLF4J: Class path contains multiple SLF4J bindings.
SLF4J: Found binding in [jar:file:/home/karthikeyan/apache-hive-3.1.2-bin/lib/log4j-slf4j-impl-2.10.0.jar!/org/slf4j/impl/StaticLoggerBinder.class]
SLF4J: Found binding in [jar:file:/home/karthikeyan/hadoop/share/hadoop/common/lib/slf4j-log4j12-1.7.30.jar!/org/slf4j/impl/StaticLoggerBinder.class]
SLF4J: See http://www.slf4j.org/codes.html#multiple_bindings for an explanation.
SLF4J: Actual binding is of type [org.apache.logging.slf4j.Log4jLoggerFactory]
Metastore connection URL:	 jdbc:derby:;databaseName=metastore_db;create=true
Metastore Connection Driver :	 org.apache.derby.jdbc.EmbeddedDriver
Metastore connection User:	 APP
Starting metastore schema initialization to 3.1.0
Initialization script hive-schema-3.1.0.derby.sql

 
Error: Table/View 'DBS' already exists in Schema 'APP'. (state=X0Y32,code=30000)
org.apache.hadoop.hive.metastore.HiveMetaException: Schema initialization FAILED! Metastore state would be inconsistent !!
Underlying cause: java.io.IOException : Schema script failed, errorcode 2
Use --verbose for detailed stacktrace.
*** schemaTool failed ***
karthikeyan@karthikeyan-VirtualBox:~$ $HIVE_HOME/bin/schematool -dbType derby -initSchema
SLF4J: Class path contains multiple SLF4J bindings.
SLF4J: Found binding in [jar:file:/home/karthikeyan/apache-hive-3.1.2-bin/lib/log4j-slf4j-impl-2.10.0.jar!/org/slf4j/impl/StaticLoggerBinder.class]
SLF4J: Found binding in [jar:file:/home/karthikeyan/hadoop/share/hadoop/common/lib/slf4j-log4j12-1.7.30.jar!/org/slf4j/impl/StaticLoggerBinder.class]
SLF4J: See http://www.slf4j.org/codes.html#multiple_bindings for an explanation.
SLF4J: Actual binding is of type [org.apache.logging.slf4j.Log4jLoggerFactory]
Metastore connection URL:	 jdbc:derby:;databaseName=metastore_db;create=true
Metastore Connection Driver :	 org.apache.derby.jdbc.EmbeddedDriver
Metastore connection User:	 APP
Starting metastore schema initialization to 3.1.0
Initialization script hive-schema-3.1.0.derby.sql

 
Error: Table/View 'DBS' already exists in Schema 'APP'. (state=X0Y32,code=30000)
org.apache.hadoop.hive.metastore.HiveMetaException: Schema initialization FAILED! Metastore state would be inconsistent !!
Underlying cause: java.io.IOException : Schema script failed, errorcode 2
Use --verbose for detailed stacktrace.
*** schemaTool failed ***
karthikeyan@karthikeyan-VirtualBox:~$ $HIVE_HOME/bin/schematool -dbType derby -initSchema
SLF4J: Class path contains multiple SLF4J bindings.
SLF4J: Found binding in [jar:file:/home/karthikeyan/apache-hive-3.1.2-bin/lib/log4j-slf4j-impl-2.10.0.jar!/org/slf4j/impl/StaticLoggerBinder.class]
SLF4J: Found binding in [jar:file:/home/karthikeyan/hadoop/share/hadoop/common/lib/slf4j-log4j12-1.7.30.jar!/org/slf4j/impl/StaticLoggerBinder.class]
SLF4J: See http://www.slf4j.org/codes.html#multiple_bindings for an explanation.
SLF4J: Actual binding is of type [org.apache.logging.slf4j.Log4jLoggerFactory]
Metastore connection URL:	 jdbc:derby:;databaseName=metastore_db;create=true
Metastore Connection Driver :	 org.apache.derby.jdbc.EmbeddedDriver
Metastore connection User:	 APP
Starting metastore schema initialization to 3.1.0
Initialization script hive-schema-3.1.0.derby.sql

 
Error: Table/View 'DBS' already exists in Schema 'APP'. (state=X0Y32,code=30000)
org.apache.hadoop.hive.metastore.HiveMetaException: Schema initialization FAILED! Metastore state would be inconsistent !!
Underlying cause: java.io.IOException : Schema script failed, errorcode 2
Use --verbose for detailed stacktrace.
*** schemaTool failed ***
karthikeyan@karthikeyan-VirtualBox:~$ $HIVE_HOME/bin/schematool -dbType derby -initSchema
SLF4J: Class path contains multiple SLF4J bindings.
SLF4J: Found binding in [jar:file:/home/karthikeyan/apache-hive-3.1.2-bin/lib/log4j-slf4j-impl-2.10.0.jar!/org/slf4j/impl/StaticLoggerBinder.class]
SLF4J: Found binding in [jar:file:/home/karthikeyan/hadoop/share/hadoop/common/lib/slf4j-log4j12-1.7.30.jar!/org/slf4j/impl/StaticLoggerBinder.class]
SLF4J: See http://www.slf4j.org/codes.html#multiple_bindings for an explanation.
SLF4J: Actual binding is of type [org.apache.logging.slf4j.Log4jLoggerFactory]
Metastore connection URL:	 jdbc:derby:;databaseName=metastore_db;create=true
Metastore Connection Driver :	 org.apache.derby.jdbc.EmbeddedDriver
Metastore connection User:	 APP
Starting metastore schema initialization to 3.1.0
Initialization script hive-schema-3.1.0.derby.sql

 
Error: Table/View 'DBS' already exists in Schema 'APP'. (state=X0Y32,code=30000)
org.apache.hadoop.hive.metastore.HiveMetaException: Schema initialization FAILED! Metastore state would be inconsistent !!
Underlying cause: java.io.IOException : Schema script failed, errorcode 2
Use --verbose for detailed stacktrace.
*** schemaTool failed ***

