karthikeyan@karthikeyan-VirtualBox:~$ cd $HIVE_HOME/conf/
karthikeyan@karthikeyan-VirtualBox:~/apache-hive-3.1.2-bin/conf$ ls
beeline-log4j2.properties.template    hive-log4j2.properties.template      llap-daemon-log4j2.properties.template
hive-default.xml.template             hive-site.xml                        parquet-logging.properties
hive-env.sh.template                  ivysettings.xml
hive-exec-log4j2.properties.template  llap-cli-log4j2.properties.template
karthikeyan@karthikeyan-VirtualBox:~/apache-hive-3.1.2-bin/conf$ schematool -dbType derby -initSchema
SLF4J: Class path contains multiple SLF4J bindings.
SLF4J: Found binding in [jar:file:/home/karthikeyan/apache-hive-3.1.2-bin/lib/log4j-slf4j-impl-2.10.0.jar!/org/slf4j/impl/StaticLoggerBinder.class]
SLF4J: Found binding in [jar:file:/home/karthikeyan/hadoop/share/hadoop/common/lib/slf4j-log4j12-1.7.30.jar!/org/slf4j/impl/StaticLoggerBinder.class]
SLF4J: See http://www.slf4j.org/codes.html#multiple_bindings for an explanation.
SLF4J: Actual binding is of type [org.apache.logging.slf4j.Log4jLoggerFactory]
Metastore connection URL:	 jdbc:derby:;databaseName=metastore_db;create=true
Metastore Connection Driver :	 org.apache.derby.jdbc.EmbeddedDriver
Metastore connection User:	 APP
Starting metastore schema initialization to 3.1.0
Initialization script hive-schema-3.1.0.derby.sql

 
 

 

 
 


 
 

 
 
 
 

 

 
 
 
 
 
 
 

 


 
 


 

 
 


 

 
 
 

 
 
 
 
 

 
 

 

 
 

 
 


 

 



 

 













































 

 











 
 
 
 
 
 
 
 
 
 
 
 
 
 
 
 
 
 
 
 
 
 
 
 
 
 
 
 
 
 
 
 
 
 
 
 
 

 
 


 
 

 
 
 

 
 
 
 
 


 
 

 



 



 


 
 
 
 






 
 
 

 
 




Initialization script completed
schemaTool completed
karthikeyan@karthikeyan-VirtualBox:~/apache-hive-3.1.2-bin/conf$ schematool -dbType derby -initSchema
SLF4J: Class path contains multiple SLF4J bindings.
SLF4J: Found binding in [jar:file:/home/karthikeyan/apache-hive-3.1.2-bin/lib/log4j-slf4j-impl-2.10.0.jar!/org/slf4j/impl/StaticLoggerBinder.class]
SLF4J: Found binding in [jar:file:/home/karthikeyan/hadoop/share/hadoop/common/lib/slf4j-log4j12-1.7.30.jar!/org/slf4j/impl/StaticLoggerBinder.class]
SLF4J: See http://www.slf4j.org/codes.html#multiple_bindings for an explanation.
SLF4J: Actual binding is of type [org.apache.logging.slf4j.Log4jLoggerFactory]
Metastore connection URL:	 jdbc:derby:;databaseName=metastore_db;create=true
Metastore Connection Driver :	 org.apache.derby.jdbc.EmbeddedDriver
Metastore connection User:	 APP
Starting metastore schema initialization to 3.1.0
Initialization script hive-schema-3.1.0.derby.sql

 
 

 

 
 


 
 

 
 
 
 

 

 
 
 
 
 
 
 

 


 
 


 

 
 


 

 
 
 

 
 
 
 
 

 
 

 

 
 

 
 


 

 



 

 













































 

 











 
 
 
 
 
 
 
 
 
 
 
 
 
 
 
 
 
 
 
 
 
 
 
 
 
 
 
 
 
 
 
 
 
 
 
 
 

 
 


 
 

 
 
 

 
 
 
 
 


 
 

 



 



 


 
 
 
 






 
 
 

 
 




Initialization script completed
schemaTool completed
karthikeyan@karthikeyan-VirtualBox:~/apache-hive-3.1.2-bin/conf$ cd ..
karthikeyan@karthikeyan-VirtualBox:~/apache-hive-3.1.2-bin$ cd bin
karthikeyan@karthikeyan-VirtualBox:~/apache-hive-3.1.2-bin/bin$ hive
SLF4J: Class path contains multiple SLF4J bindings.
SLF4J: Found binding in [jar:file:/home/karthikeyan/apache-hive-3.1.2-bin/lib/log4j-slf4j-impl-2.10.0.jar!/org/slf4j/impl/StaticLoggerBinder.class]
SLF4J: Found binding in [jar:file:/home/karthikeyan/hadoop/share/hadoop/common/lib/slf4j-log4j12-1.7.30.jar!/org/slf4j/impl/StaticLoggerBinder.class]
SLF4J: See http://www.slf4j.org/codes.html#multiple_bindings for an explanation.
SLF4J: Actual binding is of type [org.apache.logging.slf4j.Log4jLoggerFactory]
Hive Session ID = 6f25f0e6-8926-4233-9287-c817e341ae5a

Logging initialized using configuration in jar:file:/home/karthikeyan/apache-hive-3.1.2-bin/lib/hive-common-3.1.2.jar!/hive-log4j2.properties Async: true
Hive-on-MR is deprecated in Hive 2 and may not be available in the future versions. Consider using a different execution engine (i.e. spark, tez) or using Hive 1.X releases.
hive> show databases;
FAILED: HiveException java.lang.RuntimeException: Unable to instantiate org.apache.hadoop.hive.ql.metadata.SessionHiveMetaStoreClient
hive> exit;
karthikeyan@karthikeyan-VirtualBox:~/apache-hive-3.1.2-bin/bin$ schematool -dbType derby -initSchema
SLF4J: Class path contains multiple SLF4J bindings.
SLF4J: Found binding in [jar:file:/home/karthikeyan/apache-hive-3.1.2-bin/lib/log4j-slf4j-impl-2.10.0.jar!/org/slf4j/impl/StaticLoggerBinder.class]
SLF4J: Found binding in [jar:file:/home/karthikeyan/hadoop/share/hadoop/common/lib/slf4j-log4j12-1.7.30.jar!/org/slf4j/impl/StaticLoggerBinder.class]
SLF4J: See http://www.slf4j.org/codes.html#multiple_bindings for an explanation.
SLF4J: Actual binding is of type [org.apache.logging.slf4j.Log4jLoggerFactory]
Metastore connection URL:	 jdbc:derby:;databaseName=metastore_db;create=true
Metastore Connection Driver :	 org.apache.derby.jdbc.EmbeddedDriver
Metastore connection User:	 APP
Starting metastore schema initialization to 3.1.0
Initialization script hive-schema-3.1.0.derby.sql

 
 

 

 
 


 
 

 
 
 
 

 

 
 
 
 
 
 
 

 


 
 


 

 
 


 

 
 
 

 
 
 
 
 

 
 

 

 
 

 
 


 

 



 

 













































 

 











 
 
 
 
 
 
 
 
 
 
 
 
 
 
 
 
 
 
 
 
 
 
 
 
 
 
 
 
 
 
 
 
 
 
 
 
 

 
 


 
 

 
 
 

 
 
 
 
 


 
 

 



 



 


 
 
 
 






 
 
 

 
 




Initialization script completed
schemaTool completed
karthikeyan@karthikeyan-VirtualBox:~/apache-hive-3.1.2-bin/bin$ hive
SLF4J: Class path contains multiple SLF4J bindings.
SLF4J: Found binding in [jar:file:/home/karthikeyan/apache-hive-3.1.2-bin/lib/log4j-slf4j-impl-2.10.0.jar!/org/slf4j/impl/StaticLoggerBinder.class]
SLF4J: Found binding in [jar:file:/home/karthikeyan/hadoop/share/hadoop/common/lib/slf4j-log4j12-1.7.30.jar!/org/slf4j/impl/StaticLoggerBinder.class]
SLF4J: See http://www.slf4j.org/codes.html#multiple_bindings for an explanation.
SLF4J: Actual binding is of type [org.apache.logging.slf4j.Log4jLoggerFactory]
Hive Session ID = 63bcc302-d83a-457e-8d91-2a4968375799

Logging initialized using configuration in jar:file:/home/karthikeyan/apache-hive-3.1.2-bin/lib/hive-common-3.1.2.jar!/hive-log4j2.properties Async: true
Hive-on-MR is deprecated in Hive 2 and may not be available in the future versions. Consider using a different execution engine (i.e. spark, tez) or using Hive 1.X releases.
Hive Session ID = c4d82f4d-540c-4662-bbb0-1c8c73af46bd
hive> sow databases;
NoViableAltException(24@[])
	at org.apache.hadoop.hive.ql.parse.HiveParser.statement(HiveParser.java:1387)
	at org.apache.hadoop.hive.ql.parse.ParseDriver.parse(ParseDriver.java:220)
	at org.apache.hadoop.hive.ql.parse.ParseUtils.parse(ParseUtils.java:74)
	at org.apache.hadoop.hive.ql.parse.ParseUtils.parse(ParseUtils.java:67)
	at org.apache.hadoop.hive.ql.Driver.compile(Driver.java:616)
	at org.apache.hadoop.hive.ql.Driver.compileInternal(Driver.java:1826)
	at org.apache.hadoop.hive.ql.Driver.compileAndRespond(Driver.java:1773)
	at org.apache.hadoop.hive.ql.Driver.compileAndRespond(Driver.java:1768)
	at org.apache.hadoop.hive.ql.reexec.ReExecDriver.compileAndRespond(ReExecDriver.java:126)
	at org.apache.hadoop.hive.ql.reexec.ReExecDriver.run(ReExecDriver.java:214)
	at org.apache.hadoop.hive.cli.CliDriver.processLocalCmd(CliDriver.java:239)
	at org.apache.hadoop.hive.cli.CliDriver.processCmd(CliDriver.java:188)
	at org.apache.hadoop.hive.cli.CliDriver.processLine(CliDriver.java:402)
	at org.apache.hadoop.hive.cli.CliDriver.executeDriver(CliDriver.java:821)
	at org.apache.hadoop.hive.cli.CliDriver.run(CliDriver.java:759)
	at org.apache.hadoop.hive.cli.CliDriver.main(CliDriver.java:683)
	at sun.reflect.NativeMethodAccessorImpl.invoke0(Native Method)
	at sun.reflect.NativeMethodAccessorImpl.invoke(NativeMethodAccessorImpl.java:62)
	at sun.reflect.DelegatingMethodAccessorImpl.invoke(DelegatingMethodAccessorImpl.java:43)
	at java.lang.reflect.Method.invoke(Method.java:498)
	at org.apache.hadoop.util.RunJar.run(RunJar.java:323)
	at org.apache.hadoop.util.RunJar.main(RunJar.java:236)
FAILED: ParseException line 1:0 cannot recognize input near 'sow' 'databases' '<EOF>'
hive> show databases;
OK
default
Time taken: 0.363 seconds, Fetched: 1 row(s)
hive> create database hive_first;
OK
Time taken: 0.272 seconds
hive> show databases;
OK
default
hive_first
Time taken: 0.061 seconds, Fetched: 2 row(s)
hive> exit;

